
Standard:   0%|          | 0/50 [00:00<?, ?it/s]
Standard:   2%|▏         | 1/50 [00:05<04:21,  5.33s/it]
Standard:   2%|▏         | 1/50 [00:05<04:21,  5.33s/it, L1=0.01041, Y=148.8/82.5, ms=5209]
Standard:   4%|▍         | 2/50 [00:10<04:23,  5.49s/it, L1=0.01041, Y=148.8/82.5, ms=5209]
Standard:   4%|▍         | 2/50 [00:10<04:23,  5.49s/it, L1=0.01012, Y=145.1/82.5, ms=4722]
Standard:   6%|▌         | 3/50 [00:15<04:01,  5.15s/it, L1=0.01012, Y=145.1/82.5, ms=4722]
Standard:   6%|▌         | 3/50 [00:15<04:01,  5.15s/it, L1=0.00984, Y=141.5/82.5, ms=4708]
Standard:   8%|▊         | 4/50 [00:20<03:48,  4.98s/it, L1=0.00984, Y=141.5/82.5, ms=4708]
Standard:   8%|▊         | 4/50 [00:20<03:48,  4.98s/it, L1=0.00955, Y=137.7/82.5, ms=4688]
Standard:  10%|█         | 5/50 [00:25<03:39,  4.88s/it, L1=0.00955, Y=137.7/82.5, ms=4688]
Standard:  10%|█         | 5/50 [00:25<03:39,  4.88s/it, L1=0.00926, Y=133.9/82.5, ms=4686]
Standard:  12%|█▏        | 6/50 [00:29<03:33,  4.85s/it, L1=0.00926, Y=133.9/82.5, ms=4686]
Standard:  12%|█▏        | 6/50 [00:29<03:33,  4.85s/it, L1=0.00897, Y=130.1/82.5, ms=4742]
Standard:  14%|█▍        | 7/50 [00:35<03:38,  5.07s/it, L1=0.00897, Y=130.1/82.5, ms=4742]
Standard:  14%|█▍        | 7/50 [00:35<03:38,  5.07s/it, L1=0.00870, Y=126.3/82.5, ms=4662]
Standard:  16%|█▌        | 8/50 [00:40<03:29,  4.98s/it, L1=0.00870, Y=126.3/82.5, ms=4662]
Standard:  16%|█▌        | 8/50 [00:40<03:29,  4.98s/it, L1=0.00845, Y=122.5/82.5, ms=4743]
Standard:  18%|█▊        | 9/50 [00:44<03:20,  4.90s/it, L1=0.00845, Y=122.5/82.5, ms=4743]
Standard:  18%|█▊        | 9/50 [00:44<03:20,  4.90s/it, L1=0.00823, Y=118.8/82.5, ms=4688]
Standard:  20%|██        | 10/50 [00:49<03:14,  4.86s/it, L1=0.00823, Y=118.8/82.5, ms=4688]
Standard:  20%|██        | 10/50 [00:49<03:14,  4.86s/it, L1=0.00803, Y=115.0/82.5, ms=4749]
Standard:  22%|██▏       | 11/50 [00:54<03:08,  4.83s/it, L1=0.00803, Y=115.0/82.5, ms=4749]
Standard:  22%|██▏       | 11/50 [00:54<03:08,  4.83s/it, L1=0.00783, Y=111.2/82.5, ms=4731]
Standard:  24%|██▍       | 12/50 [01:00<03:12,  5.07s/it, L1=0.00783, Y=111.2/82.5, ms=4731]
Standard:  24%|██▍       | 12/50 [01:00<03:12,  5.07s/it, L1=0.00764, Y=107.5/82.5, ms=4742]
Standard:  26%|██▌       | 13/50 [01:04<03:04,  4.98s/it, L1=0.00764, Y=107.5/82.5, ms=4742]
Standard:  26%|██▌       | 13/50 [01:04<03:04,  4.98s/it, L1=0.00747, Y=103.8/82.5, ms=4739]
Standard:  28%|██▊       | 14/50 [01:09<02:56,  4.91s/it, L1=0.00747, Y=103.8/82.5, ms=4739]
Standard:  28%|██▊       | 14/50 [01:09<02:56,  4.91s/it, L1=0.00731, Y=100.1/82.5, ms=4717]
Standard:  30%|███       | 15/50 [01:14<02:50,  4.87s/it, L1=0.00731, Y=100.1/82.5, ms=4717]
Standard:  30%|███       | 15/50 [01:14<02:50,  4.87s/it, L1=0.00716, Y=96.5/82.5, ms=4752] 
Standard:  32%|███▏      | 16/50 [01:19<02:44,  4.83s/it, L1=0.00716, Y=96.5/82.5, ms=4752]
Standard:  32%|███▏      | 16/50 [01:19<02:44,  4.83s/it, L1=0.00703, Y=93.0/82.5, ms=4693]
Standard:  34%|███▍      | 17/50 [01:24<02:47,  5.07s/it, L1=0.00703, Y=93.0/82.5, ms=4693]
Standard:  34%|███▍      | 17/50 [01:24<02:47,  5.07s/it, L1=0.00688, Y=89.5/82.5, ms=4749]
Standard:  36%|███▌      | 18/50 [01:29<02:38,  4.97s/it, L1=0.00688, Y=89.5/82.5, ms=4749]
Standard:  36%|███▌      | 18/50 [01:29<02:38,  4.97s/it, L1=0.00674, Y=86.0/82.5, ms=4698]
Standard:  38%|███▊      | 19/50 [01:34<02:32,  4.91s/it, L1=0.00674, Y=86.0/82.5, ms=4698]
Standard:  38%|███▊      | 19/50 [01:34<02:32,  4.91s/it, L1=0.00660, Y=82.5/82.5, ms=4735]
Standard:  40%|████      | 20/50 [01:38<02:25,  4.86s/it, L1=0.00660, Y=82.5/82.5, ms=4735]
Standard:  40%|████      | 20/50 [01:38<02:25,  4.86s/it, L1=0.00664, Y=79.6/82.5, ms=4709]
Standard:  42%|████▏     | 21/50 [01:43<02:20,  4.85s/it, L1=0.00664, Y=79.6/82.5, ms=4709]
Standard:  42%|████▏     | 21/50 [01:43<02:20,  4.85s/it, L1=0.00674, Y=77.3/82.5, ms=4785]
Standard:  44%|████▍     | 22/50 [01:49<02:22,  5.07s/it, L1=0.00674, Y=77.3/82.5, ms=4785]
Standard:  44%|████▍     | 22/50 [01:49<02:22,  5.07s/it, L1=0.00684, Y=75.7/82.5, ms=4742]
Standard:  46%|████▌     | 23/50 [01:54<02:14,  4.99s/it, L1=0.00684, Y=75.7/82.5, ms=4742]
Standard:  46%|████▌     | 23/50 [01:54<02:14,  4.99s/it, L1=0.00690, Y=74.6/82.5, ms=4768]
Standard:  48%|████▊     | 24/50 [01:58<02:08,  4.92s/it, L1=0.00690, Y=74.6/82.5, ms=4768]
Standard:  48%|████▊     | 24/50 [01:58<02:08,  4.92s/it, L1=0.00694, Y=74.1/82.5, ms=4735]
Standard:  50%|█████     | 25/50 [02:03<02:01,  4.87s/it, L1=0.00694, Y=74.1/82.5, ms=4735]
Standard:  50%|█████     | 25/50 [02:03<02:01,  4.87s/it, L1=0.00696, Y=73.9/82.5, ms=4718]
Standard:  52%|█████▏    | 26/50 [02:08<01:56,  4.84s/it, L1=0.00696, Y=73.9/82.5, ms=4718]
Standard:  52%|█████▏    | 26/50 [02:08<01:56,  4.84s/it, L1=0.00697, Y=74.1/82.5, ms=4748]
Standard:  54%|█████▍    | 27/50 [02:14<01:56,  5.07s/it, L1=0.00697, Y=74.1/82.5, ms=4748]
Standard:  54%|█████▍    | 27/50 [02:14<01:56,  5.07s/it, L1=0.00695, Y=74.6/82.5, ms=4720]
Standard:  56%|█████▌    | 28/50 [02:18<01:49,  4.99s/it, L1=0.00695, Y=74.6/82.5, ms=4720]
Standard:  56%|█████▌    | 28/50 [02:18<01:49,  4.99s/it, L1=0.00693, Y=75.3/82.5, ms=4767]
Standard:  58%|█████▊    | 29/50 [02:23<01:43,  4.92s/it, L1=0.00693, Y=75.3/82.5, ms=4767]
Standard:  58%|█████▊    | 29/50 [02:23<01:43,  4.92s/it, L1=0.00689, Y=76.3/82.5, ms=4706]
Standard:  60%|██████    | 30/50 [02:28<01:37,  4.88s/it, L1=0.00689, Y=76.3/82.5, ms=4706]
Standard:  60%|██████    | 30/50 [02:28<01:37,  4.88s/it, L1=0.00685, Y=77.4/82.5, ms=4776]
Standard:  62%|██████▏   | 31/50 [02:33<01:32,  4.84s/it, L1=0.00685, Y=77.4/82.5, ms=4776]
Standard:  62%|██████▏   | 31/50 [02:33<01:32,  4.84s/it, L1=0.00680, Y=78.8/82.5, ms=4723]
Standard:  64%|██████▍   | 32/50 [02:38<01:31,  5.06s/it, L1=0.00680, Y=78.8/82.5, ms=4723]
Standard:  64%|██████▍   | 32/50 [02:38<01:31,  5.06s/it, L1=0.00674, Y=80.3/82.5, ms=4690]
Standard:  66%|██████▌   | 33/50 [02:43<01:24,  5.00s/it, L1=0.00674, Y=80.3/82.5, ms=4690]
Standard:  66%|██████▌   | 33/50 [02:43<01:24,  5.00s/it, L1=0.00668, Y=81.9/82.5, ms=4802]
Standard:  68%|██████▊   | 34/50 [02:48<01:18,  4.93s/it, L1=0.00668, Y=81.9/82.5, ms=4802]
Standard:  68%|██████▊   | 34/50 [02:48<01:18,  4.93s/it, L1=0.00663, Y=83.6/82.5, ms=4745]
Standard:  70%|███████   | 35/50 [02:53<01:13,  4.88s/it, L1=0.00663, Y=83.6/82.5, ms=4745]
Standard:  70%|███████   | 35/50 [02:53<01:13,  4.88s/it, L1=0.00659, Y=85.3/82.5, ms=4743]
Standard:  72%|███████▏  | 36/50 [02:57<01:07,  4.84s/it, L1=0.00659, Y=85.3/82.5, ms=4743]
Standard:  72%|███████▏  | 36/50 [02:57<01:07,  4.84s/it, L1=0.00657, Y=86.5/82.5, ms=4702]
Standard:  74%|███████▍  | 37/50 [03:03<01:06,  5.10s/it, L1=0.00657, Y=86.5/82.5, ms=4702]
Standard:  74%|███████▍  | 37/50 [03:03<01:06,  5.10s/it, L1=0.00663, Y=87.3/82.5, ms=4830]
Standard:  76%|███████▌  | 38/50 [03:08<01:00,  5.02s/it, L1=0.00663, Y=87.3/82.5, ms=4830]
Standard:  76%|███████▌  | 38/50 [03:08<01:00,  5.02s/it, L1=0.00666, Y=87.6/82.5, ms=4780]
Standard:  78%|███████▊  | 39/50 [03:13<00:54,  4.95s/it, L1=0.00666, Y=87.6/82.5, ms=4780]
Standard:  78%|███████▊  | 39/50 [03:13<00:54,  4.95s/it, L1=0.00668, Y=87.4/82.5, ms=4748]
Standard:  80%|████████  | 40/50 [03:17<00:48,  4.88s/it, L1=0.00668, Y=87.4/82.5, ms=4748]
Standard:  80%|████████  | 40/50 [03:17<00:48,  4.88s/it, L1=0.00667, Y=86.8/82.5, ms=4706]
Standard:  82%|████████▏ | 41/50 [03:22<00:43,  4.84s/it, L1=0.00667, Y=86.8/82.5, ms=4706]
Standard:  82%|████████▏ | 41/50 [03:22<00:43,  4.84s/it, L1=0.00664, Y=86.0/82.5, ms=4717]
Standard:  84%|████████▍ | 42/50 [03:28<00:40,  5.09s/it, L1=0.00664, Y=86.0/82.5, ms=4717]
Standard:  84%|████████▍ | 42/50 [03:28<00:40,  5.09s/it, L1=0.00660, Y=84.8/82.5, ms=4787]
Standard:  86%|████████▌ | 43/50 [03:33<00:34,  4.99s/it, L1=0.00660, Y=84.8/82.5, ms=4787]
Standard:  86%|████████▌ | 43/50 [03:33<00:34,  4.99s/it, L1=0.00656, Y=83.7/82.5, ms=4736]
Standard:  88%|████████▊ | 44/50 [03:37<00:29,  4.92s/it, L1=0.00656, Y=83.7/82.5, ms=4736]
Standard:  88%|████████▊ | 44/50 [03:37<00:29,  4.92s/it, L1=0.00657, Y=82.7/82.5, ms=4727]
Standard:  90%|█████████ | 45/50 [03:42<00:24,  4.88s/it, L1=0.00657, Y=82.7/82.5, ms=4727]
Standard:  90%|█████████ | 45/50 [03:42<00:24,  4.88s/it, L1=0.00659, Y=82.1/82.5, ms=4753]
Standard:  92%|█████████▏| 46/50 [03:47<00:19,  4.88s/it, L1=0.00659, Y=82.1/82.5, ms=4753]
Standard:  92%|█████████▏| 46/50 [03:47<00:19,  4.88s/it, L1=0.00661, Y=81.7/82.5, ms=4843]
Standard:  94%|█████████▍| 47/50 [03:53<00:15,  5.11s/it, L1=0.00661, Y=81.7/82.5, ms=4843]
Standard:  94%|█████████▍| 47/50 [03:53<00:15,  5.11s/it, L1=0.00661, Y=81.6/82.5, ms=4738]
Standard:  96%|█████████▌| 48/50 [03:57<00:10,  5.01s/it, L1=0.00661, Y=81.6/82.5, ms=4738]
Standard:  96%|█████████▌| 48/50 [03:57<00:10,  5.01s/it, L1=0.00662, Y=81.7/82.5, ms=4736]
Standard:  98%|█████████▊| 49/50 [04:02<00:04,  4.92s/it, L1=0.00662, Y=81.7/82.5, ms=4736]
Standard:  98%|█████████▊| 49/50 [04:02<00:04,  4.92s/it, L1=0.00661, Y=82.1/82.5, ms=4697]
Standard: 100%|██████████| 50/50 [04:07<00:00,  4.88s/it, L1=0.00661, Y=82.1/82.5, ms=4697]
Standard: 100%|██████████| 50/50 [04:07<00:00,  4.88s/it, L1=0.00660, Y=82.6/82.5, ms=4732]
Standard: 100%|██████████| 50/50 [04:07<00:00,  4.95s/it, L1=0.00660, Y=82.6/82.5, ms=4732]

DSR:   0%|          | 0/50 [00:00<?, ?it/s]
DSR:   2%|▏         | 1/50 [00:05<04:23,  5.38s/it]
DSR:   2%|▏         | 1/50 [00:05<04:23,  5.38s/it, L1=0.01968, Y=148.9/82.5, ms=5347]
DSR:   4%|▍         | 2/50 [00:11<04:40,  5.85s/it, L1=0.01968, Y=148.9/82.5, ms=5347]
DSR:   4%|▍         | 2/50 [00:11<04:40,  5.85s/it, L1=0.01941, Y=145.3/82.5, ms=5283]
DSR:   6%|▌         | 3/50 [00:16<04:21,  5.57s/it, L1=0.01941, Y=145.3/82.5, ms=5283]
DSR:   6%|▌         | 3/50 [00:16<04:21,  5.57s/it, L1=0.01916, Y=141.7/82.5, ms=5206]
DSR:   8%|▊         | 4/50 [00:22<04:11,  5.47s/it, L1=0.01916, Y=141.7/82.5, ms=5206]
DSR:   8%|▊         | 4/50 [00:22<04:11,  5.47s/it, L1=0.01891, Y=138.1/82.5, ms=5291]
DSR:  10%|█         | 5/50 [00:27<04:03,  5.41s/it, L1=0.01891, Y=138.1/82.5, ms=5291]
DSR:  10%|█         | 5/50 [00:27<04:03,  5.41s/it, L1=0.01865, Y=134.4/82.5, ms=5276]
DSR:  12%|█▏        | 6/50 [00:32<03:56,  5.37s/it, L1=0.01865, Y=134.4/82.5, ms=5276]
DSR:  12%|█▏        | 6/50 [00:32<03:56,  5.37s/it, L1=0.01842, Y=130.8/82.5, ms=5253]
DSR:  14%|█▍        | 7/50 [00:38<04:00,  5.60s/it, L1=0.01842, Y=130.8/82.5, ms=5253]
DSR:  14%|█▍        | 7/50 [00:38<04:00,  5.60s/it, L1=0.01819, Y=127.2/82.5, ms=5198]
DSR:  16%|█▌        | 8/50 [00:44<03:51,  5.52s/it, L1=0.01819, Y=127.2/82.5, ms=5198]
DSR:  16%|█▌        | 8/50 [00:44<03:51,  5.52s/it, L1=0.01799, Y=123.6/82.5, ms=5312]
DSR:  18%|█▊        | 9/50 [00:49<03:43,  5.45s/it, L1=0.01799, Y=123.6/82.5, ms=5312]
DSR:  18%|█▊        | 9/50 [00:49<03:43,  5.45s/it, L1=0.01782, Y=120.1/82.5, ms=5282]
DSR:  20%|██        | 10/50 [00:54<03:36,  5.42s/it, L1=0.01782, Y=120.1/82.5, ms=5282]
DSR:  20%|██        | 10/50 [00:54<03:36,  5.42s/it, L1=0.01766, Y=116.6/82.5, ms=5324]
DSR:  22%|██▏       | 11/50 [01:00<03:29,  5.36s/it, L1=0.01766, Y=116.6/82.5, ms=5324]
DSR:  22%|██▏       | 11/50 [01:00<03:29,  5.36s/it, L1=0.01753, Y=113.2/82.5, ms=5202]
DSR:  24%|██▍       | 12/50 [01:06<03:33,  5.63s/it, L1=0.01753, Y=113.2/82.5, ms=5202]
DSR:  24%|██▍       | 12/50 [01:06<03:33,  5.63s/it, L1=0.01742, Y=109.8/82.5, ms=5344]
DSR:  26%|██▌       | 13/50 [01:11<03:24,  5.54s/it, L1=0.01742, Y=109.8/82.5, ms=5344]
DSR:  26%|██▌       | 13/50 [01:11<03:24,  5.54s/it, L1=0.01733, Y=106.5/82.5, ms=5290]
DSR:  28%|██▊       | 14/50 [01:16<03:16,  5.47s/it, L1=0.01733, Y=106.5/82.5, ms=5290]
DSR:  28%|██▊       | 14/50 [01:16<03:16,  5.47s/it, L1=0.01724, Y=103.4/82.5, ms=5292]
DSR:  30%|███       | 15/50 [01:22<03:09,  5.41s/it, L1=0.01724, Y=103.4/82.5, ms=5292]
DSR:  30%|███       | 15/50 [01:22<03:09,  5.41s/it, L1=0.01717, Y=100.4/82.5, ms=5240]
DSR:  32%|███▏      | 16/50 [01:27<03:03,  5.40s/it, L1=0.01717, Y=100.4/82.5, ms=5240]
DSR:  32%|███▏      | 16/50 [01:27<03:03,  5.40s/it, L1=0.01708, Y=97.5/82.5, ms=5337] 
DSR:  34%|███▍      | 17/50 [01:33<03:05,  5.62s/it, L1=0.01708, Y=97.5/82.5, ms=5337]
DSR:  34%|███▍      | 17/50 [01:33<03:05,  5.62s/it, L1=0.01699, Y=94.6/82.5, ms=5260]
DSR:  36%|███▌      | 18/50 [01:38<02:56,  5.52s/it, L1=0.01699, Y=94.6/82.5, ms=5260]
DSR:  36%|███▌      | 18/50 [01:38<02:56,  5.52s/it, L1=0.01690, Y=91.7/82.5, ms=5260]
DSR:  38%|███▊      | 19/50 [01:44<02:49,  5.46s/it, L1=0.01690, Y=91.7/82.5, ms=5260]
DSR:  38%|███▊      | 19/50 [01:44<02:49,  5.46s/it, L1=0.01680, Y=88.7/82.5, ms=5284]
DSR:  40%|████      | 20/50 [01:49<02:42,  5.42s/it, L1=0.01680, Y=88.7/82.5, ms=5284]
DSR:  40%|████      | 20/50 [01:49<02:42,  5.42s/it, L1=0.01670, Y=85.8/82.5, ms=5307]
DSR:  42%|████▏     | 21/50 [01:54<02:35,  5.38s/it, L1=0.01670, Y=85.8/82.5, ms=5307]
DSR:  42%|████▏     | 21/50 [01:54<02:35,  5.38s/it, L1=0.01659, Y=83.0/82.5, ms=5245]
DSR:  44%|████▍     | 22/50 [02:01<02:37,  5.62s/it, L1=0.01659, Y=83.0/82.5, ms=5245]
DSR:  44%|████▍     | 22/50 [02:01<02:37,  5.62s/it, L1=0.01654, Y=80.6/82.5, ms=5264]
DSR:  46%|████▌     | 23/50 [02:06<02:29,  5.53s/it, L1=0.01654, Y=80.6/82.5, ms=5264]
DSR:  46%|████▌     | 23/50 [02:06<02:29,  5.53s/it, L1=0.01660, Y=78.6/82.5, ms=5296]
DSR:  48%|████▊     | 24/50 [02:11<02:22,  5.47s/it, L1=0.01660, Y=78.6/82.5, ms=5296]
DSR:  48%|████▊     | 24/50 [02:11<02:22,  5.47s/it, L1=0.01666, Y=77.1/82.5, ms=5293]
DSR:  50%|█████     | 25/50 [02:16<02:15,  5.41s/it, L1=0.01666, Y=77.1/82.5, ms=5293]
DSR:  50%|█████     | 25/50 [02:16<02:15,  5.41s/it, L1=0.01671, Y=76.1/82.5, ms=5250]
DSR:  52%|█████▏    | 26/50 [02:22<02:09,  5.40s/it, L1=0.01671, Y=76.1/82.5, ms=5250]
DSR:  52%|█████▏    | 26/50 [02:22<02:09,  5.40s/it, L1=0.01674, Y=75.5/82.5, ms=5333]
DSR:  54%|█████▍    | 27/50 [02:28<02:09,  5.62s/it, L1=0.01674, Y=75.5/82.5, ms=5333]
DSR:  54%|█████▍    | 27/50 [02:28<02:09,  5.62s/it, L1=0.01674, Y=75.4/82.5, ms=5248]
DSR:  56%|█████▌    | 28/50 [02:33<02:01,  5.53s/it, L1=0.01674, Y=75.4/82.5, ms=5248]
DSR:  56%|█████▌    | 28/50 [02:33<02:01,  5.53s/it, L1=0.01673, Y=75.6/82.5, ms=5303]
DSR:  58%|█████▊    | 29/50 [02:39<01:54,  5.46s/it, L1=0.01673, Y=75.6/82.5, ms=5303]
DSR:  58%|█████▊    | 29/50 [02:39<01:54,  5.46s/it, L1=0.01670, Y=76.2/82.5, ms=5259]
DSR:  60%|██████    | 30/50 [02:44<01:48,  5.44s/it, L1=0.01670, Y=76.2/82.5, ms=5259]
DSR:  60%|██████    | 30/50 [02:44<01:48,  5.44s/it, L1=0.01666, Y=77.0/82.5, ms=5356]
DSR:  62%|██████▏   | 31/50 [02:49<01:42,  5.39s/it, L1=0.01666, Y=77.0/82.5, ms=5356]
DSR:  62%|██████▏   | 31/50 [02:49<01:42,  5.39s/it, L1=0.01660, Y=78.1/82.5, ms=5252]
DSR:  64%|██████▍   | 32/50 [02:55<01:41,  5.62s/it, L1=0.01660, Y=78.1/82.5, ms=5252]
DSR:  64%|██████▍   | 32/50 [02:55<01:41,  5.62s/it, L1=0.01653, Y=79.3/82.5, ms=5288]
DSR:  66%|██████▌   | 33/50 [03:01<01:33,  5.52s/it, L1=0.01653, Y=79.3/82.5, ms=5288]
DSR:  66%|██████▌   | 33/50 [03:01<01:33,  5.52s/it, L1=0.01646, Y=80.6/82.5, ms=5255]
DSR:  68%|██████▊   | 34/50 [03:06<01:27,  5.49s/it, L1=0.01646, Y=80.6/82.5, ms=5255]
DSR:  68%|██████▊   | 34/50 [03:06<01:27,  5.49s/it, L1=0.01640, Y=82.0/82.5, ms=5369]
DSR:  70%|███████   | 35/50 [03:11<01:21,  5.42s/it, L1=0.01640, Y=82.0/82.5, ms=5369]
DSR:  70%|███████   | 35/50 [03:11<01:21,  5.42s/it, L1=0.01634, Y=83.2/82.5, ms=5244]
DSR:  72%|███████▏  | 36/50 [03:17<01:15,  5.39s/it, L1=0.01634, Y=83.2/82.5, ms=5244]
DSR:  72%|███████▏  | 36/50 [03:17<01:15,  5.39s/it, L1=0.01630, Y=84.4/82.5, ms=5292]
DSR:  74%|███████▍  | 37/50 [03:23<01:13,  5.62s/it, L1=0.01630, Y=84.4/82.5, ms=5292]
DSR:  74%|███████▍  | 37/50 [03:23<01:13,  5.62s/it, L1=0.01628, Y=85.2/82.5, ms=5257]
DSR:  76%|███████▌  | 38/50 [03:28<01:06,  5.53s/it, L1=0.01628, Y=85.2/82.5, ms=5257]
DSR:  76%|███████▌  | 38/50 [03:28<01:06,  5.53s/it, L1=0.01627, Y=85.8/82.5, ms=5295]
DSR:  78%|███████▊  | 39/50 [03:34<01:00,  5.47s/it, L1=0.01627, Y=85.8/82.5, ms=5295]
DSR:  78%|███████▊  | 39/50 [03:34<01:00,  5.47s/it, L1=0.01628, Y=86.0/82.5, ms=5281]
DSR:  80%|████████  | 40/50 [03:39<00:54,  5.41s/it, L1=0.01628, Y=86.0/82.5, ms=5281]
DSR:  80%|████████  | 40/50 [03:39<00:54,  5.41s/it, L1=0.01629, Y=85.9/82.5, ms=5256]
DSR:  82%|████████▏ | 41/50 [03:44<00:48,  5.35s/it, L1=0.01629, Y=85.9/82.5, ms=5256]
DSR:  82%|████████▏ | 41/50 [03:44<00:48,  5.35s/it, L1=0.01629, Y=85.6/82.5, ms=5178]
DSR:  84%|████████▍ | 42/50 [03:50<00:44,  5.57s/it, L1=0.01629, Y=85.6/82.5, ms=5178]
DSR:  84%|████████▍ | 42/50 [03:50<00:44,  5.57s/it, L1=0.01628, Y=85.0/82.5, ms=5193]
DSR:  86%|████████▌ | 43/50 [03:55<00:38,  5.45s/it, L1=0.01628, Y=85.0/82.5, ms=5193]
DSR:  86%|████████▌ | 43/50 [03:55<00:38,  5.45s/it, L1=0.01629, Y=84.3/82.5, ms=5160]
DSR:  88%|████████▊ | 44/50 [04:01<00:32,  5.40s/it, L1=0.01629, Y=84.3/82.5, ms=5160]
DSR:  88%|████████▊ | 44/50 [04:01<00:32,  5.40s/it, L1=0.01629, Y=83.5/82.5, ms=5229]
DSR:  90%|█████████ | 45/50 [04:06<00:26,  5.34s/it, L1=0.01629, Y=83.5/82.5, ms=5229]
DSR:  90%|█████████ | 45/50 [04:06<00:26,  5.34s/it, L1=0.01629, Y=82.6/82.5, ms=5186]
DSR:  92%|█████████▏| 46/50 [04:11<00:21,  5.31s/it, L1=0.01629, Y=82.6/82.5, ms=5186]
DSR:  92%|█████████▏| 46/50 [04:11<00:21,  5.31s/it, L1=0.01630, Y=81.9/82.5, ms=5211]
DSR:  94%|█████████▍| 47/50 [04:17<00:16,  5.54s/it, L1=0.01630, Y=81.9/82.5, ms=5211]
DSR:  94%|█████████▍| 47/50 [04:17<00:16,  5.54s/it, L1=0.01633, Y=81.2/82.5, ms=5191]
DSR:  96%|█████████▌| 48/50 [04:22<00:10,  5.44s/it, L1=0.01633, Y=81.2/82.5, ms=5191]
DSR:  96%|█████████▌| 48/50 [04:22<00:10,  5.44s/it, L1=0.01634, Y=80.9/82.5, ms=5169]
DSR:  98%|█████████▊| 49/50 [04:27<00:05,  5.37s/it, L1=0.01634, Y=80.9/82.5, ms=5169]
DSR:  98%|█████████▊| 49/50 [04:27<00:05,  5.37s/it, L1=0.01636, Y=80.7/82.5, ms=5190]
DSR: 100%|██████████| 50/50 [04:33<00:00,  5.32s/it, L1=0.01636, Y=80.7/82.5, ms=5190]
DSR: 100%|██████████| 50/50 [04:33<00:00,  5.32s/it, L1=0.01636, Y=80.7/82.5, ms=5185]
DSR: 100%|██████████| 50/50 [04:33<00:00,  5.46s/it, L1=0.01636, Y=80.7/82.5, ms=5185]
Rendering GT target…
  GT small box mean Y: 82.5

Pre-computing ∂I/∂Y gradient images (finite difference)…
  Gradient image range: [0, 0.0654]

--- Standard PathTracer (spp=16, lr=5.0) ---
  Standard:  4739 ms/iter  (0.211 it/s)  final L1=0.00660  Y=82.6

--- DSR (spp=2 fwd, spp=16 bwd, grad-smooth R=5, lr=5.0) ---
  Effective gradient samples/pixel: 121 × 16 = 1936
  DSR:       5260 ms/iter  (0.190 it/s)  final L1=0.01636  Y=80.7

Building GIF → shape_opt_cornell.gif
Saved → shape_opt_cornell.gif

=== Summary ===
  Standard  (spp=16):      L1=0.00660  Y=82.6  0.211 it/s
  DSR (spp=2, R=5):  L1=0.01636  Y=80.7  0.190 it/s

  DSR = Deterministic Spatial Resampling
  Gradient samples: Standard 16  vs  DSR 121 × 16 = 1936
